Archive member included because of file (symbol)

d:/myprograms/winavr-20100110/bin/../lib/gcc/avr/4.3.3/avr5\libgcc.a(_exit.o)
                              d:/myprograms/winavr-20100110/bin/../lib/gcc/avr/4.3.3/../../../../avr/lib/avr5/crtm32u4.o (exit)
d:/myprograms/winavr-20100110/bin/../lib/gcc/avr/4.3.3/avr5\libgcc.a(_copy_data.o)
                              Ti994a_usb_keyboard.o (__do_copy_data)
d:/myprograms/winavr-20100110/bin/../lib/gcc/avr/4.3.3/avr5\libgcc.a(_clear_bss.o)
                              Ti994a_usb_keyboard.o (__do_clear_bss)

Discarded input sections

 .data          0x00000000        0x0 d:/myprograms/winavr-20100110/bin/../lib/gcc/avr/4.3.3/../../../../avr/lib/avr5/crtm32u4.o
 .bss           0x00000000        0x0 d:/myprograms/winavr-20100110/bin/../lib/gcc/avr/4.3.3/../../../../avr/lib/avr5/crtm32u4.o
 .text          0x00000000        0x0 Ti994a_usb_keyboard.o
 .text          0x00000000        0x0 usb_keyboard_debug.o
 .text.usb_debug_flush_output
                0x00000000        0x0 usb_keyboard_debug.o
 .text          0x00000000        0x0 print.o
 .data          0x00000000        0x0 print.o
 .bss           0x00000000        0x0 print.o
 .text.phex16   0x00000000        0x0 print.o
 .text          0x00000000        0x0 d:/myprograms/winavr-20100110/bin/../lib/gcc/avr/4.3.3/avr5\libgcc.a(_exit.o)
 .data          0x00000000        0x0 d:/myprograms/winavr-20100110/bin/../lib/gcc/avr/4.3.3/avr5\libgcc.a(_exit.o)
 .bss           0x00000000        0x0 d:/myprograms/winavr-20100110/bin/../lib/gcc/avr/4.3.3/avr5\libgcc.a(_exit.o)
 .text.libgcc   0x00000000        0x0 d:/myprograms/winavr-20100110/bin/../lib/gcc/avr/4.3.3/avr5\libgcc.a(_exit.o)
 .text          0x00000000        0x0 d:/myprograms/winavr-20100110/bin/../lib/gcc/avr/4.3.3/avr5\libgcc.a(_copy_data.o)
 .data          0x00000000        0x0 d:/myprograms/winavr-20100110/bin/../lib/gcc/avr/4.3.3/avr5\libgcc.a(_copy_data.o)
 .bss           0x00000000        0x0 d:/myprograms/winavr-20100110/bin/../lib/gcc/avr/4.3.3/avr5\libgcc.a(_copy_data.o)
 .text.libgcc   0x00000000        0x0 d:/myprograms/winavr-20100110/bin/../lib/gcc/avr/4.3.3/avr5\libgcc.a(_copy_data.o)
 .text          0x00000000        0x0 d:/myprograms/winavr-20100110/bin/../lib/gcc/avr/4.3.3/avr5\libgcc.a(_clear_bss.o)
 .data          0x00000000        0x0 d:/myprograms/winavr-20100110/bin/../lib/gcc/avr/4.3.3/avr5\libgcc.a(_clear_bss.o)
 .bss           0x00000000        0x0 d:/myprograms/winavr-20100110/bin/../lib/gcc/avr/4.3.3/avr5\libgcc.a(_clear_bss.o)
 .text.libgcc   0x00000000        0x0 d:/myprograms/winavr-20100110/bin/../lib/gcc/avr/4.3.3/avr5\libgcc.a(_clear_bss.o)

Memory Configuration

Name             Origin             Length             Attributes
text             0x00000000         0x00020000         xr
data             0x00800060         0x0000ffa0         rw !x
eeprom           0x00810000         0x00010000         rw !x
fuse             0x00820000         0x00000400         rw !x
lock             0x00830000         0x00000400         rw !x
signature        0x00840000         0x00000400         rw !x
*default*        0x00000000         0xffffffff

Linker script and memory map

Address of section .data set to 0x800100
LOAD d:/myprograms/winavr-20100110/bin/../lib/gcc/avr/4.3.3/../../../../avr/lib/avr5/crtm32u4.o
LOAD Ti994a_usb_keyboard.o
LOAD usb_keyboard_debug.o
LOAD print.o
LOAD d:/myprograms/winavr-20100110/bin/../lib/gcc/avr/4.3.3/../../../../avr/lib/avr5\libm.a
LOAD d:/myprograms/winavr-20100110/bin/../lib/gcc/avr/4.3.3/avr5\libgcc.a
LOAD d:/myprograms/winavr-20100110/bin/../lib/gcc/avr/4.3.3/../../../../avr/lib/avr5\libc.a
LOAD d:/myprograms/winavr-20100110/bin/../lib/gcc/avr/4.3.3/avr5\libgcc.a

.hash
 *(.hash)

.dynsym
 *(.dynsym)

.dynstr
 *(.dynstr)

.gnu.version
 *(.gnu.version)

.gnu.version_d
 *(.gnu.version_d)

.gnu.version_r
 *(.gnu.version_r)

.rel.init
 *(.rel.init)

.rela.init
 *(.rela.init)

.rel.text
 *(.rel.text)
 *(.rel.text.*)
 *(.rel.gnu.linkonce.t*)

.rela.text
 *(.rela.text)
 *(.rela.text.*)
 *(.rela.gnu.linkonce.t*)

.rel.fini
 *(.rel.fini)

.rela.fini
 *(.rela.fini)

.rel.rodata
 *(.rel.rodata)
 *(.rel.rodata.*)
 *(.rel.gnu.linkonce.r*)

.rela.rodata
 *(.rela.rodata)
 *(.rela.rodata.*)
 *(.rela.gnu.linkonce.r*)

.rel.data
 *(.rel.data)
 *(.rel.data.*)
 *(.rel.gnu.linkonce.d*)

.rela.data
 *(.rela.data)
 *(.rela.data.*)
 *(.rela.gnu.linkonce.d*)

.rel.ctors
 *(.rel.ctors)

.rela.ctors
 *(.rela.ctors)

.rel.dtors
 *(.rel.dtors)

.rela.dtors
 *(.rela.dtors)

.rel.got
 *(.rel.got)

.rela.got
 *(.rela.got)

.rel.bss
 *(.rel.bss)

.rela.bss
 *(.rela.bss)

.rel.plt
 *(.rel.plt)

.rela.plt
 *(.rela.plt)

.text           0x00000000      0xc80
 *(.vectors)
 .vectors       0x00000000       0xac d:/myprograms/winavr-20100110/bin/../lib/gcc/avr/4.3.3/../../../../avr/lib/avr5/crtm32u4.o
                0x00000000                __vectors
                0x00000000                __vector_default
 *(.vectors)
 *(.progmem.gcc*)
 *(.progmem*)
 .progmem.data  0x000000ac       0x3f Ti994a_usb_keyboard.o
 .progmem.data  0x000000eb      0x112 usb_keyboard_debug.o
                0x000001fe                . = ALIGN (0x2)
 *fill*         0x000001fd        0x1 00
                0x000001fe                __trampolines_start = .
 *(.trampolines)
 .trampolines   0x000001fe        0x0 linker stubs
 *(.trampolines*)
                0x000001fe                __trampolines_end = .
 *(.jumptables)
 *(.jumptables*)
 *(.lowtext)
 *(.lowtext*)
                0x000001fe                __ctors_start = .
 *(.ctors)
                0x000001fe                __ctors_end = .
                0x000001fe                __dtors_start = .
 *(.dtors)
                0x000001fe                __dtors_end = .
 SORT(*)(.ctors)
 SORT(*)(.dtors)
 *(.init0)
 .init0         0x000001fe        0x0 d:/myprograms/winavr-20100110/bin/../lib/gcc/avr/4.3.3/../../../../avr/lib/avr5/crtm32u4.o
                0x000001fe                __init
 *(.init0)
 *(.init1)
 *(.init1)
 *(.init2)
 .init2         0x000001fe        0xc d:/myprograms/winavr-20100110/bin/../lib/gcc/avr/4.3.3/../../../../avr/lib/avr5/crtm32u4.o
 *(.init2)
 *(.init3)
 *(.init3)
 *(.init4)
 .init4         0x0000020a       0x16 d:/myprograms/winavr-20100110/bin/../lib/gcc/avr/4.3.3/avr5\libgcc.a(_copy_data.o)
                0x0000020a                __do_copy_data
 .init4         0x00000220       0x10 d:/myprograms/winavr-20100110/bin/../lib/gcc/avr/4.3.3/avr5\libgcc.a(_clear_bss.o)
                0x00000220                __do_clear_bss
 *(.init4)
 *(.init5)
 *(.init5)
 *(.init6)
 *(.init6)
 *(.init7)
 *(.init7)
 *(.init8)
 *(.init8)
 *(.init9)
 .init9         0x00000230        0x4 d:/myprograms/winavr-20100110/bin/../lib/gcc/avr/4.3.3/../../../../avr/lib/avr5/crtm32u4.o
 *(.init9)
 *(.text)
 .text          0x00000234        0x2 d:/myprograms/winavr-20100110/bin/../lib/gcc/avr/4.3.3/../../../../avr/lib/avr5/crtm32u4.o
                0x00000234                __vector_38
                0x00000234                __vector_22
                0x00000234                __vector_28
                0x00000234                __vector_1
                0x00000234                __vector_32
                0x00000234                __vector_34
                0x00000234                __vector_24
                0x00000234                __vector_12
                0x00000234                __bad_interrupt
                0x00000234                __vector_6
                0x00000234                __vector_31
                0x00000234                __vector_35
                0x00000234                __vector_39
                0x00000234                __vector_3
                0x00000234                __vector_30
                0x00000234                __vector_25
                0x00000234                __vector_13
                0x00000234                __vector_17
                0x00000234                __vector_19
                0x00000234                __vector_7
                0x00000234                __vector_41
                0x00000234                __vector_27
                0x00000234                __vector_5
                0x00000234                __vector_33
                0x00000234                __vector_37
                0x00000234                __vector_4
                0x00000234                __vector_9
                0x00000234                __vector_2
                0x00000234                __vector_21
                0x00000234                __vector_15
                0x00000234                __vector_36
                0x00000234                __vector_29
                0x00000234                __vector_40
                0x00000234                __vector_8
                0x00000234                __vector_26
                0x00000234                __vector_14
                0x00000234                __vector_16
                0x00000234                __vector_18
                0x00000234                __vector_20
                0x00000234                __vector_42
                0x00000236                . = ALIGN (0x2)
 *(.text.*)
 .text.__vector_23
                0x00000236       0x6e Ti994a_usb_keyboard.o
                0x00000236                __vector_23
 .text.main     0x000002a4      0x3b4 Ti994a_usb_keyboard.o
                0x000002a4                main
 .text.usb_init
                0x00000658       0x2e usb_keyboard_debug.o
                0x00000658                usb_init
 .text.usb_configured
                0x00000686        0x6 usb_keyboard_debug.o
                0x00000686                usb_configured
 .text.usb_keyboard_send
                0x0000068c       0x90 usb_keyboard_debug.o
                0x0000068c                usb_keyboard_send
 .text.usb_keyboard_press
                0x0000071c       0x1a usb_keyboard_debug.o
                0x0000071c                usb_keyboard_press
 .text.usb_debug_putchar
                0x00000736       0x8c usb_keyboard_debug.o
                0x00000736                usb_debug_putchar
 .text.__vector_10
                0x000007c2      0x104 usb_keyboard_debug.o
                0x000007c2                __vector_10
 .text.__vector_11
                0x000008c6      0x36a usb_keyboard_debug.o
                0x000008c6                __vector_11
 .text.phex1    0x00000c30       0x10 print.o
                0x00000c30                phex1
 .text.phex     0x00000c40       0x14 print.o
                0x00000c40                phex
 .text.print_P  0x00000c54       0x28 print.o
                0x00000c54                print_P
                0x00000c7c                . = ALIGN (0x2)
 *(.fini9)
 .fini9         0x00000c7c        0x0 d:/myprograms/winavr-20100110/bin/../lib/gcc/avr/4.3.3/avr5\libgcc.a(_exit.o)
                0x00000c7c                exit
                0x00000c7c                _exit
 *(.fini9)
 *(.fini8)
 *(.fini8)
 *(.fini7)
 *(.fini7)
 *(.fini6)
 *(.fini6)
 *(.fini5)
 *(.fini5)
 *(.fini4)
 *(.fini4)
 *(.fini3)
 *(.fini3)
 *(.fini2)
 *(.fini2)
 *(.fini1)
 *(.fini1)
 *(.fini0)
 .fini0         0x00000c7c        0x4 d:/myprograms/winavr-20100110/bin/../lib/gcc/avr/4.3.3/avr5\libgcc.a(_exit.o)
 *(.fini0)
                0x00000c80                _etext = .

.data           0x00800100       0xe4 load address 0x00000c80
                0x00800100                PROVIDE (__data_start, .)
 *(.data)
 .data          0x00800100       0xe2 Ti994a_usb_keyboard.o
 .data          0x008001e2        0x2 usb_keyboard_debug.o
 *(.data*)
 *(.rodata)
 *(.rodata*)
 *(.gnu.linkonce.d*)
                0x008001e4                . = ALIGN (0x2)
                0x008001e4                _edata = .
                0x008001e4                PROVIDE (__data_end, .)

.bss            0x008001e4       0x12
                0x008001e4                PROVIDE (__bss_start, .)
 *(.bss)
 .bss           0x008001e4        0x5 Ti994a_usb_keyboard.o
 .bss           0x008001e9        0xd usb_keyboard_debug.o
                0x008001f0                keyboard_leds
                0x008001ea                keyboard_keys
                0x008001e9                keyboard_modifier_keys
 *(.bss*)
 *(COMMON)
                0x008001f6                PROVIDE (__bss_end, .)
                0x00000c80                __data_load_start = LOADADDR (.data)
                0x00000d64                __data_load_end = (__data_load_start + SIZEOF (.data))

.noinit         0x008001f6        0x0
                0x008001f6                PROVIDE (__noinit_start, .)
 *(.noinit*)
                0x008001f6                PROVIDE (__noinit_end, .)
                0x008001f6                _end = .
                0x008001f6                PROVIDE (__heap_start, .)

.eeprom         0x00810000        0x0
 *(.eeprom*)
                0x00810000                __eeprom_end = .

.fuse
 *(.fuse)
 *(.lfuse)
 *(.hfuse)
 *(.efuse)

.lock
 *(.lock*)

.signature
 *(.signature*)

.stab
 *(.stab)

.stabstr
 *(.stabstr)

.stab.excl
 *(.stab.excl)

.stab.exclstr
 *(.stab.exclstr)

.stab.index
 *(.stab.index)

.stab.indexstr
 *(.stab.indexstr)

.comment
 *(.comment)

.debug
 *(.debug)

.line
 *(.line)

.debug_srcinfo
 *(.debug_srcinfo)

.debug_sfnames
 *(.debug_sfnames)

.debug_aranges  0x00000000       0xb8
 *(.debug_aranges)
 .debug_aranges
                0x00000000       0x28 Ti994a_usb_keyboard.o
 .debug_aranges
                0x00000028       0x58 usb_keyboard_debug.o
 .debug_aranges
                0x00000080       0x38 print.o

.debug_pubnames
                0x00000000      0x156
 *(.debug_pubnames)
 .debug_pubnames
                0x00000000       0x2b Ti994a_usb_keyboard.o
 .debug_pubnames
                0x0000002b       0xef usb_keyboard_debug.o
 .debug_pubnames
                0x0000011a       0x3c print.o

.debug_info     0x00000000      0xfcf
 *(.debug_info)
 .debug_info    0x00000000      0x6be Ti994a_usb_keyboard.o
 .debug_info    0x000006be      0x7bb usb_keyboard_debug.o
 .debug_info    0x00000e79      0x156 print.o
 *(.gnu.linkonce.wi.*)

.debug_abbrev   0x00000000      0x431
 *(.debug_abbrev)
 .debug_abbrev  0x00000000      0x1c6 Ti994a_usb_keyboard.o
 .debug_abbrev  0x000001c6      0x1ce usb_keyboard_debug.o
 .debug_abbrev  0x00000394       0x9d print.o

.debug_line     0x00000000      0xffe
 *(.debug_line)
 .debug_line    0x00000000      0x697 Ti994a_usb_keyboard.o
 .debug_line    0x00000697      0x822 usb_keyboard_debug.o
 .debug_line    0x00000eb9      0x145 print.o

.debug_frame    0x00000000      0x110
 *(.debug_frame)
 .debug_frame   0x00000000       0x30 Ti994a_usb_keyboard.o
 .debug_frame   0x00000030       0x90 usb_keyboard_debug.o
 .debug_frame   0x000000c0       0x50 print.o

.debug_str      0x00000000      0x499
 *(.debug_str)
 .debug_str     0x00000000      0x1a6 Ti994a_usb_keyboard.o
                                0x1f8 (size before relaxing)
 .debug_str     0x000001a6      0x2d1 usb_keyboard_debug.o
                                0x3ae (size before relaxing)
 .debug_str     0x00000477       0x22 print.o
                                 0xe5 (size before relaxing)

.debug_loc      0x00000000      0xe58
 *(.debug_loc)
 .debug_loc     0x00000000      0x7b6 Ti994a_usb_keyboard.o
 .debug_loc     0x000007b6      0x5b5 usb_keyboard_debug.o
 .debug_loc     0x00000d6b       0xed print.o

.debug_macinfo
 *(.debug_macinfo)
OUTPUT(Ti994a_usb_keyboard_dbg.elf elf32-avr)
LOAD linker stubs

.debug_ranges   0x00000000      0x118
 .debug_ranges  0x00000000       0x68 Ti994a_usb_keyboard.o
 .debug_ranges  0x00000068       0x80 usb_keyboard_debug.o
 .debug_ranges  0x000000e8       0x30 print.o

Cross Reference Table

Symbol                                            File
__bad_interrupt                                   d:/myprograms/winavr-20100110/bin/../lib/gcc/avr/4.3.3/../../../../avr/lib/avr5/crtm32u4.o
__bss_end                                         d:/myprograms/winavr-20100110/bin/../lib/gcc/avr/4.3.3/avr5\libgcc.a(_clear_bss.o)
__bss_start                                       d:/myprograms/winavr-20100110/bin/../lib/gcc/avr/4.3.3/avr5\libgcc.a(_clear_bss.o)
__data_end                                        d:/myprograms/winavr-20100110/bin/../lib/gcc/avr/4.3.3/avr5\libgcc.a(_copy_data.o)
__data_load_start                                 d:/myprograms/winavr-20100110/bin/../lib/gcc/avr/4.3.3/avr5\libgcc.a(_copy_data.o)
__data_start                                      d:/myprograms/winavr-20100110/bin/../lib/gcc/avr/4.3.3/avr5\libgcc.a(_copy_data.o)
__do_clear_bss                                    d:/myprograms/winavr-20100110/bin/../lib/gcc/avr/4.3.3/avr5\libgcc.a(_clear_bss.o)
                                                  usb_keyboard_debug.o
                                                  Ti994a_usb_keyboard.o
__do_copy_data                                    d:/myprograms/winavr-20100110/bin/../lib/gcc/avr/4.3.3/avr5\libgcc.a(_copy_data.o)
                                                  usb_keyboard_debug.o
                                                  Ti994a_usb_keyboard.o
__heap_end                                        d:/myprograms/winavr-20100110/bin/../lib/gcc/avr/4.3.3/../../../../avr/lib/avr5/crtm32u4.o
__init                                            d:/myprograms/winavr-20100110/bin/../lib/gcc/avr/4.3.3/../../../../avr/lib/avr5/crtm32u4.o
__stack                                           d:/myprograms/winavr-20100110/bin/../lib/gcc/avr/4.3.3/../../../../avr/lib/avr5/crtm32u4.o
__vector_1                                        d:/myprograms/winavr-20100110/bin/../lib/gcc/avr/4.3.3/../../../../avr/lib/avr5/crtm32u4.o
__vector_10                                       usb_keyboard_debug.o
                                                  d:/myprograms/winavr-20100110/bin/../lib/gcc/avr/4.3.3/../../../../avr/lib/avr5/crtm32u4.o
__vector_11                                       usb_keyboard_debug.o
                                                  d:/myprograms/winavr-20100110/bin/../lib/gcc/avr/4.3.3/../../../../avr/lib/avr5/crtm32u4.o
__vector_12                                       d:/myprograms/winavr-20100110/bin/../lib/gcc/avr/4.3.3/../../../../avr/lib/avr5/crtm32u4.o
__vector_13                                       d:/myprograms/winavr-20100110/bin/../lib/gcc/avr/4.3.3/../../../../avr/lib/avr5/crtm32u4.o
__vector_14                                       d:/myprograms/winavr-20100110/bin/../lib/gcc/avr/4.3.3/../../../../avr/lib/avr5/crtm32u4.o
__vector_15                                       d:/myprograms/winavr-20100110/bin/../lib/gcc/avr/4.3.3/../../../../avr/lib/avr5/crtm32u4.o
__vector_16                                       d:/myprograms/winavr-20100110/bin/../lib/gcc/avr/4.3.3/../../../../avr/lib/avr5/crtm32u4.o
__vector_17                                       d:/myprograms/winavr-20100110/bin/../lib/gcc/avr/4.3.3/../../../../avr/lib/avr5/crtm32u4.o
__vector_18                                       d:/myprograms/winavr-20100110/bin/../lib/gcc/avr/4.3.3/../../../../avr/lib/avr5/crtm32u4.o
__vector_19                                       d:/myprograms/winavr-20100110/bin/../lib/gcc/avr/4.3.3/../../../../avr/lib/avr5/crtm32u4.o
__vector_2                                        d:/myprograms/winavr-20100110/bin/../lib/gcc/avr/4.3.3/../../../../avr/lib/avr5/crtm32u4.o
__vector_20                                       d:/myprograms/winavr-20100110/bin/../lib/gcc/avr/4.3.3/../../../../avr/lib/avr5/crtm32u4.o
__vector_21                                       d:/myprograms/winavr-20100110/bin/../lib/gcc/avr/4.3.3/../../../../avr/lib/avr5/crtm32u4.o
__vector_22                                       d:/myprograms/winavr-20100110/bin/../lib/gcc/avr/4.3.3/../../../../avr/lib/avr5/crtm32u4.o
__vector_23                                       Ti994a_usb_keyboard.o
                                                  d:/myprograms/winavr-20100110/bin/../lib/gcc/avr/4.3.3/../../../../avr/lib/avr5/crtm32u4.o
__vector_24                                       d:/myprograms/winavr-20100110/bin/../lib/gcc/avr/4.3.3/../../../../avr/lib/avr5/crtm32u4.o
__vector_25                                       d:/myprograms/winavr-20100110/bin/../lib/gcc/avr/4.3.3/../../../../avr/lib/avr5/crtm32u4.o
__vector_26                                       d:/myprograms/winavr-20100110/bin/../lib/gcc/avr/4.3.3/../../../../avr/lib/avr5/crtm32u4.o
__vector_27                                       d:/myprograms/winavr-20100110/bin/../lib/gcc/avr/4.3.3/../../../../avr/lib/avr5/crtm32u4.o
__vector_28                                       d:/myprograms/winavr-20100110/bin/../lib/gcc/avr/4.3.3/../../../../avr/lib/avr5/crtm32u4.o
__vector_29                                       d:/myprograms/winavr-20100110/bin/../lib/gcc/avr/4.3.3/../../../../avr/lib/avr5/crtm32u4.o
__vector_3                                        d:/myprograms/winavr-20100110/bin/../lib/gcc/avr/4.3.3/../../../../avr/lib/avr5/crtm32u4.o
__vector_30                                       d:/myprograms/winavr-20100110/bin/../lib/gcc/avr/4.3.3/../../../../avr/lib/avr5/crtm32u4.o
__vector_31                                       d:/myprograms/winavr-20100110/bin/../lib/gcc/avr/4.3.3/../../../../avr/lib/avr5/crtm32u4.o
__vector_32                                       d:/myprograms/winavr-20100110/bin/../lib/gcc/avr/4.3.3/../../../../avr/lib/avr5/crtm32u4.o
__vector_33                                       d:/myprograms/winavr-20100110/bin/../lib/gcc/avr/4.3.3/../../../../avr/lib/avr5/crtm32u4.o
__vector_34                                       d:/myprograms/winavr-20100110/bin/../lib/gcc/avr/4.3.3/../../../../avr/lib/avr5/crtm32u4.o
__vector_35                                       d:/myprograms/winavr-20100110/bin/../lib/gcc/avr/4.3.3/../../../../avr/lib/avr5/crtm32u4.o
__vector_36                                       d:/myprograms/winavr-20100110/bin/../lib/gcc/avr/4.3.3/../../../../avr/lib/avr5/crtm32u4.o
__vector_37                                       d:/myprograms/winavr-20100110/bin/../lib/gcc/avr/4.3.3/../../../../avr/lib/avr5/crtm32u4.o
__vector_38                                       d:/myprograms/winavr-20100110/bin/../lib/gcc/avr/4.3.3/../../../../avr/lib/avr5/crtm32u4.o
__vector_39                                       d:/myprograms/winavr-20100110/bin/../lib/gcc/avr/4.3.3/../../../../avr/lib/avr5/crtm32u4.o
__vector_4                                        d:/myprograms/winavr-20100110/bin/../lib/gcc/avr/4.3.3/../../../../avr/lib/avr5/crtm32u4.o
__vector_40                                       d:/myprograms/winavr-20100110/bin/../lib/gcc/avr/4.3.3/../../../../avr/lib/avr5/crtm32u4.o
__vector_41                                       d:/myprograms/winavr-20100110/bin/../lib/gcc/avr/4.3.3/../../../../avr/lib/avr5/crtm32u4.o
__vector_42                                       d:/myprograms/winavr-20100110/bin/../lib/gcc/avr/4.3.3/../../../../avr/lib/avr5/crtm32u4.o
__vector_5                                        d:/myprograms/winavr-20100110/bin/../lib/gcc/avr/4.3.3/../../../../avr/lib/avr5/crtm32u4.o
__vector_6                                        d:/myprograms/winavr-20100110/bin/../lib/gcc/avr/4.3.3/../../../../avr/lib/avr5/crtm32u4.o
__vector_7                                        d:/myprograms/winavr-20100110/bin/../lib/gcc/avr/4.3.3/../../../../avr/lib/avr5/crtm32u4.o
__vector_8                                        d:/myprograms/winavr-20100110/bin/../lib/gcc/avr/4.3.3/../../../../avr/lib/avr5/crtm32u4.o
__vector_9                                        d:/myprograms/winavr-20100110/bin/../lib/gcc/avr/4.3.3/../../../../avr/lib/avr5/crtm32u4.o
__vector_default                                  d:/myprograms/winavr-20100110/bin/../lib/gcc/avr/4.3.3/../../../../avr/lib/avr5/crtm32u4.o
__vectors                                         d:/myprograms/winavr-20100110/bin/../lib/gcc/avr/4.3.3/../../../../avr/lib/avr5/crtm32u4.o
_exit                                             d:/myprograms/winavr-20100110/bin/../lib/gcc/avr/4.3.3/avr5\libgcc.a(_exit.o)
exit                                              d:/myprograms/winavr-20100110/bin/../lib/gcc/avr/4.3.3/avr5\libgcc.a(_exit.o)
                                                  d:/myprograms/winavr-20100110/bin/../lib/gcc/avr/4.3.3/../../../../avr/lib/avr5/crtm32u4.o
keyboard_keys                                     usb_keyboard_debug.o
keyboard_leds                                     usb_keyboard_debug.o
keyboard_modifier_keys                            usb_keyboard_debug.o
main                                              Ti994a_usb_keyboard.o
                                                  d:/myprograms/winavr-20100110/bin/../lib/gcc/avr/4.3.3/../../../../avr/lib/avr5/crtm32u4.o
phex                                              print.o
                                                  Ti994a_usb_keyboard.o
phex1                                             print.o
phex16                                            print.o
print_P                                           print.o
                                                  Ti994a_usb_keyboard.o
usb_configured                                    usb_keyboard_debug.o
                                                  Ti994a_usb_keyboard.o
usb_debug_flush_output                            usb_keyboard_debug.o
usb_debug_putchar                                 usb_keyboard_debug.o
                                                  print.o
usb_init                                          usb_keyboard_debug.o
                                                  Ti994a_usb_keyboard.o
usb_keyboard_press                                usb_keyboard_debug.o
                                                  Ti994a_usb_keyboard.o
usb_keyboard_send                                 usb_keyboard_debug.o
